../Core/Src/LoRaMac.c:744:13:OnRadioTxDone	24	static
../Core/Src/LoRaMac.c:754:13:OnRadioRxDone	24	static
../Core/Src/LoRaMac.c:768:13:OnRadioTxTimeout	8	static
../Core/Src/LoRaMac.c:775:13:OnRadioRxError	8	static
../Core/Src/LoRaMac.c:782:13:OnRadioRxTimeout	8	static
../Core/Src/LoRaMac.c:789:13:UpdateRxSlotIdleState	4	static
../Core/Src/LoRaMac.c:801:13:ProcessRadioTxDone	64	static
../Core/Src/LoRaMac.c:851:13:PrepareRxDoneAbort	8	static
../Core/Src/LoRaMac.c:866:13:ProcessRadioRxDone	176	static
../Core/Src/LoRaMac.c:1425:13:ProcessRadioTxTimeout	8	static
../Core/Src/LoRaMac.c:1442:13:HandleRadioRxErrorTimeout	24	static
../Core/Src/LoRaMac.c:1503:13:ProcessRadioRxError	8	static
../Core/Src/LoRaMac.c:1508:13:ProcessRadioRxTimeout	8	static
../Core/Src/LoRaMac.c:1513:13:LoRaMacHandleIrqEvents	16	static
../Core/Src/LoRaMac.c:1547:6:LoRaMacIsBusy	4	static
../Core/Src/LoRaMac.c:1568:13:LoRaMacEnableRequests	16	static
../Core/Src/LoRaMac.c:1573:13:LoRaMacHandleRequestEvents	16	static
../Core/Src/LoRaMac.c:1617:13:LoRaMacHandleIndicationEvents	8	static
../Core/Src/LoRaMac.c:1634:13:LoRaMacHandleRejoinEvents	32	static
../Core/Src/LoRaMac.c:1671:13:LoRaMacHandleMcpsRequest	16	static
../Core/Src/LoRaMac.c:1713:13:LoRaMacHandleMlmeRequest	8	static
../Core/Src/LoRaMac.c:1733:16:LoRaMacCheckForBeaconAcquisition	8	static
../Core/Src/LoRaMac.c:1747:13:CheckForMinimumAbpDatarate	16	static
../Core/Src/LoRaMac.c:1758:13:LoRaMacCheckForRxAbort	4	static
../Core/Src/LoRaMac.c:1768:13:LoRaMacHandleNvm	24	static
../Core/Src/LoRaMac.c:1843:13:LoRaMacHandleResponseTimeout	24	static
../Core/Src/LoRaMac.c:1857:6:LoRaMacProcess	16	static
../Core/Src/LoRaMac.c:1899:13:OnTxDelayedTimerEvent	16	static
../Core/Src/LoRaMac.c:1932:13:OnRxWindow1TimerEvent	16	static
../Core/Src/LoRaMac.c:1944:13:OnRxWindow2TimerEvent	16	static
../Core/Src/LoRaMac.c:1962:13:OnRetransmitTimeoutTimerEvent	16	static
../Core/Src/LoRaMac.c:1973:30:GetFCntDown	24	static
../Core/Src/LoRaMac.c:2021:24:SwitchClass	32	static
../Core/Src/LoRaMac.c:2122:16:GetMaxAppPayloadWithoutFOptsLength	32	static
../Core/Src/LoRaMac.c:2136:13:ValidatePayloadLength	24	static
../Core/Src/LoRaMac.c:2154:13:ProcessMacCommands	192	static
../Core/Src/LoRaMac.c:2661:17:Send	64	static
../Core/Src/LoRaMac.c:2748:17:SendReJoinReq	24	static
../Core/Src/LoRaMac.c:2843:24:CheckForClassBCollision	8	static
../Core/Src/LoRaMac.c:2864:13:ComputeRxWindowParameters	24	static
../Core/Src/LoRaMac.c:2893:24:VerifyTxFrame	16	static
../Core/Src/LoRaMac.c:2912:24:SerializeTxFrame	16	static
../Core/Src/LoRaMac.c:2958:24:ScheduleTx	64	static
../Core/Src/LoRaMac.c:3038:24:SecureFrame	24	static
../Core/Src/LoRaMac.c:3096:13:CalculateBackOff	4	static
../Core/Src/LoRaMac.c:3108:13:RemoveMacCommands	16	static
../Core/Src/LoRaMac.c:3129:13:ResetMacParameters	88	static
../Core/Src/LoRaMac.c:3224:13:IsReJoin0Required	4	static
../Core/Src/LoRaMac.c:3243:13:RxWindowSetup	16	static
../Core/Src/LoRaMac.c:3257:13:OpenContinuousRxCWindow	24	static
../Core/Src/LoRaMac.c:3280:17:PrepareFrame	40	static
../Core/Src/LoRaMac.c:3385:17:SendFrameOnChannel	48	static
../Core/Src/LoRaMac.c:3448:17:SetTxContinuousWave	16	static
../Core/Src/LoRaMac.c:3457:19:GetNvmData	4	static
../Core/Src/LoRaMac.c:3462:17:RestoreNvmData	24	static
../Core/Src/LoRaMac.c:3553:17:DetermineFrameType	16	static
../Core/Src/LoRaMac.c:3605:13:CheckRetrans	16	static
../Core/Src/LoRaMac.c:3614:13:CheckRetransUnconfirmedUplink	8	static
../Core/Src/LoRaMac.c:3636:13:CheckRetransConfirmedUplink	8	static
../Core/Src/LoRaMac.c:3655:17:IncreaseAdrAckCounter	16	static
../Core/Src/LoRaMac.c:3664:13:StopRetransmission	16	static
../Core/Src/LoRaMac.c:3712:13:OnMacProcessNotify	8	static
../Core/Src/LoRaMac.c:3720:13:CallNvmDataChangeCallback	16	static
../Core/Src/LoRaMac.c:3728:16:IsRequestPending	4	static
../Core/Src/LoRaMac.c:3739:17:LoRaMacInitialization	72	static
../Core/Src/LoRaMac.c:3943:17:LoRaMacStart	8	static
../Core/Src/LoRaMac.c:3950:17:LoRaMacStop	8	static
../Core/Src/LoRaMac.c:3968:17:LoRaMacQueryTxPossible	64	static
../Core/Src/LoRaMac.c:4027:17:LoRaMacMibGetRequestConfirm	40	static
../Core/Src/LoRaMac.c:4295:17:LoRaMacMibSetRequestConfirm	40	static
../Core/Src/LoRaMac.c:5041:17:LoRaMacChannelAdd	40	static
../Core/Src/LoRaMac.c:5059:17:LoRaMacChannelRemove	24	static
../Core/Src/LoRaMac.c:5080:17:LoRaMacMcChannelSetup	40	static
../Core/Src/LoRaMac.c:5127:17:LoRaMacMcChannelDelete	64	static
../Core/Src/LoRaMac.c:5150:9:LoRaMacMcChannelGetGroupId	24	static
../Core/Src/LoRaMac.c:5162:17:LoRaMacMcChannelSetupRxParams	32	static
../Core/Src/LoRaMac.c:5236:13:OnAbpJoinPendingTimerEvent	16	static
../Core/Src/LoRaMac.c:5246:13:AbpJoinPendingStart	8	static
../Core/Src/LoRaMac.c:5263:17:LoRaMacMlmeRequest	48	static
../Core/Src/LoRaMac.c:5466:17:LoRaMacMcpsRequest	80	static
../Core/Src/LoRaMac.c:5603:13:ConvertRejoinCycleTime	16	static
../Core/Src/LoRaMac.c:5617:13:OnRejoin0CycleTimerEvent	16	static
../Core/Src/LoRaMac.c:5630:13:OnRejoin1CycleTimerEvent	16	static
../Core/Src/LoRaMac.c:5643:13:OnForceRejoinReqCycleTimerEvent	16	static
../Core/Src/LoRaMac.c:5669:6:LoRaMacTestSetDutyCycleOn	24	static
../Core/Src/LoRaMac.c:5683:17:LoRaMacDeInitialization	8	static
../Core/Src/LoRaMac.c:5711:6:LoRaMacReset	8	static
